Archive member included because of file (symbol)

c:/freescale/kds_1.1.1/toolchain/bin/../lib/gcc/arm-none-eabi/4.8.0/../../../../arm-none-eabi/lib\libg_s.a(lib_a-atexit.o)
                              c:/freescale/kds_1.1.1/toolchain/bin/../lib/gcc/arm-none-eabi/4.8.0/../../../../arm-none-eabi/lib/crt0.o (atexit)
c:/freescale/kds_1.1.1/toolchain/bin/../lib/gcc/arm-none-eabi/4.8.0/../../../../arm-none-eabi/lib\libg_s.a(lib_a-exit.o)
                              c:/freescale/kds_1.1.1/toolchain/bin/../lib/gcc/arm-none-eabi/4.8.0/../../../../arm-none-eabi/lib/crt0.o (exit)
c:/freescale/kds_1.1.1/toolchain/bin/../lib/gcc/arm-none-eabi/4.8.0/../../../../arm-none-eabi/lib\libg_s.a(lib_a-fini.o)
                              c:/freescale/kds_1.1.1/toolchain/bin/../lib/gcc/arm-none-eabi/4.8.0/../../../../arm-none-eabi/lib\libg_s.a(lib_a-exit.o) (__libc_fini_array)
c:/freescale/kds_1.1.1/toolchain/bin/../lib/gcc/arm-none-eabi/4.8.0/../../../../arm-none-eabi/lib\libg_s.a(lib_a-impure.o)
                              c:/freescale/kds_1.1.1/toolchain/bin/../lib/gcc/arm-none-eabi/4.8.0/../../../../arm-none-eabi/lib\libg_s.a(lib_a-exit.o) (_global_impure_ptr)
c:/freescale/kds_1.1.1/toolchain/bin/../lib/gcc/arm-none-eabi/4.8.0/../../../../arm-none-eabi/lib\libg_s.a(lib_a-memset.o)
                              c:/freescale/kds_1.1.1/toolchain/bin/../lib/gcc/arm-none-eabi/4.8.0/../../../../arm-none-eabi/lib/crt0.o (memset)
c:/freescale/kds_1.1.1/toolchain/bin/../lib/gcc/arm-none-eabi/4.8.0/../../../../arm-none-eabi/lib\libg_s.a(lib_a-syscalls.o)
                              c:/freescale/kds_1.1.1/toolchain/bin/../lib/gcc/arm-none-eabi/4.8.0/../../../../arm-none-eabi/lib\libg_s.a(lib_a-exit.o) (_exit)
c:/freescale/kds_1.1.1/toolchain/bin/../lib/gcc/arm-none-eabi/4.8.0/../../../../arm-none-eabi/lib\libg_s.a(lib_a-__atexit.o)
                              c:/freescale/kds_1.1.1/toolchain/bin/../lib/gcc/arm-none-eabi/4.8.0/../../../../arm-none-eabi/lib\libg_s.a(lib_a-atexit.o) (__do_register_exitproc)
c:/freescale/kds_1.1.1/toolchain/bin/../lib/gcc/arm-none-eabi/4.8.0/../../../../arm-none-eabi/lib\libg_s.a(lib_a-__call_atexit.o)
                              c:/freescale/kds_1.1.1/toolchain/bin/../lib/gcc/arm-none-eabi/4.8.0/../../../../arm-none-eabi/lib\libg_s.a(lib_a-__atexit.o) (__call_exitprocs)
c:/freescale/kds_1.1.1/toolchain/bin/../lib/gcc/arm-none-eabi/4.8.0/../../../../arm-none-eabi/lib\libg_s.a(lib_a-errno.o)
                              c:/freescale/kds_1.1.1/toolchain/bin/../lib/gcc/arm-none-eabi/4.8.0/../../../../arm-none-eabi/lib\libg_s.a(lib_a-syscalls.o) (__errno)
c:/freescale/kds_1.1.1/toolchain/bin/../lib/gcc/arm-none-eabi/4.8.0/../../../../arm-none-eabi/lib\libg_s.a(lib_a-malloc.o)
                              c:/freescale/kds_1.1.1/toolchain/bin/../lib/gcc/arm-none-eabi/4.8.0/../../../../arm-none-eabi/lib\libg_s.a(lib_a-__atexit.o) (malloc)
c:/freescale/kds_1.1.1/toolchain/bin/../lib/gcc/arm-none-eabi/4.8.0/../../../../arm-none-eabi/lib\libg_s.a(lib_a-mallocr.o)
                              c:/freescale/kds_1.1.1/toolchain/bin/../lib/gcc/arm-none-eabi/4.8.0/../../../../arm-none-eabi/lib\libg_s.a(lib_a-malloc.o) (_malloc_r)
c:/freescale/kds_1.1.1/toolchain/bin/../lib/gcc/arm-none-eabi/4.8.0/../../../../arm-none-eabi/lib\libg_s.a(lib_a-sbrkr.o)
                              c:/freescale/kds_1.1.1/toolchain/bin/../lib/gcc/arm-none-eabi/4.8.0/../../../../arm-none-eabi/lib\libg_s.a(lib_a-mallocr.o) (_sbrk_r)
c:/freescale/kds_1.1.1/toolchain/bin/../lib/gcc/arm-none-eabi/4.8.0/../../../../arm-none-eabi/lib\libg_s.a(lib_a-strlen.o)
                              c:/freescale/kds_1.1.1/toolchain/bin/../lib/gcc/arm-none-eabi/4.8.0/../../../../arm-none-eabi/lib\libg_s.a(lib_a-syscalls.o) (strlen)
c:/freescale/kds_1.1.1/toolchain/bin/../lib/gcc/arm-none-eabi/4.8.0/../../../../arm-none-eabi/lib\libg_s.a(lib_a-freer.o)
                              c:/freescale/kds_1.1.1/toolchain/bin/../lib/gcc/arm-none-eabi/4.8.0/../../../../arm-none-eabi/lib\libg_s.a(lib_a-malloc.o) (_free_r)
c:/freescale/kds_1.1.1/toolchain/bin/../lib/gcc/arm-none-eabi/4.8.0/../../../../arm-none-eabi/lib\libg_s.a(lib_a-reent.o)
                              c:/freescale/kds_1.1.1/toolchain/bin/../lib/gcc/arm-none-eabi/4.8.0/../../../../arm-none-eabi/lib\libg_s.a(lib_a-sbrkr.o) (errno)

Allocating common symbols
Common symbol       size              file

errno               0x4               c:/freescale/kds_1.1.1/toolchain/bin/../lib/gcc/arm-none-eabi/4.8.0/../../../../arm-none-eabi/lib\libg_s.a(lib_a-reent.o)
SR_reg              0x1               ./Generated_Code/Cpu.o

Discarded input sections

 .text          0x00000000        0x0 c:/freescale/kds_1.1.1/toolchain/bin/../lib/gcc/arm-none-eabi/4.8.0/crti.o
 .data          0x00000000        0x0 c:/freescale/kds_1.1.1/toolchain/bin/../lib/gcc/arm-none-eabi/4.8.0/crti.o
 .bss           0x00000000        0x0 c:/freescale/kds_1.1.1/toolchain/bin/../lib/gcc/arm-none-eabi/4.8.0/crti.o
 .text          0x00000000        0x0 c:/freescale/kds_1.1.1/toolchain/bin/../lib/gcc/arm-none-eabi/4.8.0/crtbegin.o
 .data          0x00000000        0x0 c:/freescale/kds_1.1.1/toolchain/bin/../lib/gcc/arm-none-eabi/4.8.0/crtbegin.o
 .bss           0x00000000        0x0 c:/freescale/kds_1.1.1/toolchain/bin/../lib/gcc/arm-none-eabi/4.8.0/crtbegin.o
 .data.__dso_handle
                0x00000000        0x4 c:/freescale/kds_1.1.1/toolchain/bin/../lib/gcc/arm-none-eabi/4.8.0/crtbegin.o
 .text          0x00000000       0xf4 c:/freescale/kds_1.1.1/toolchain/bin/../lib/gcc/arm-none-eabi/4.8.0/../../../../arm-none-eabi/lib/crt0.o
 .data          0x00000000        0x0 c:/freescale/kds_1.1.1/toolchain/bin/../lib/gcc/arm-none-eabi/4.8.0/../../../../arm-none-eabi/lib/crt0.o
 .bss           0x00000000        0x0 c:/freescale/kds_1.1.1/toolchain/bin/../lib/gcc/arm-none-eabi/4.8.0/../../../../arm-none-eabi/lib/crt0.o
 .comment       0x00000000       0x2b c:/freescale/kds_1.1.1/toolchain/bin/../lib/gcc/arm-none-eabi/4.8.0/../../../../arm-none-eabi/lib/crt0.o
 .ARM.attributes
                0x00000000       0x31 c:/freescale/kds_1.1.1/toolchain/bin/../lib/gcc/arm-none-eabi/4.8.0/../../../../arm-none-eabi/lib/crt0.o
 .group         0x00000000        0x8 ./Sources/Application.o
 .group         0x00000000        0x8 ./Sources/Application.o
 .group         0x00000000        0x8 ./Sources/Application.o
 .group         0x00000000        0x8 ./Sources/Application.o
 .group         0x00000000        0x8 ./Sources/Application.o
 .group         0x00000000        0x8 ./Sources/Application.o
 .group         0x00000000        0x8 ./Sources/Application.o
 .group         0x00000000        0x8 ./Sources/Application.o
 .group         0x00000000        0x8 ./Sources/Application.o
 .group         0x00000000        0x8 ./Sources/Application.o
 .text          0x00000000        0x0 ./Sources/Application.o
 .data          0x00000000        0x0 ./Sources/Application.o
 .bss           0x00000000        0x0 ./Sources/Application.o
 .group         0x00000000        0x8 ./Sources/Events.o
 .group         0x00000000        0x8 ./Sources/Events.o
 .group         0x00000000        0x8 ./Sources/Events.o
 .group         0x00000000        0x8 ./Sources/Events.o
 .group         0x00000000        0x8 ./Sources/Events.o
 .group         0x00000000        0x8 ./Sources/Events.o
 .group         0x00000000        0x8 ./Sources/Events.o
 .group         0x00000000        0x8 ./Sources/Events.o
 .group         0x00000000        0x8 ./Sources/Events.o
 .group         0x00000000        0x8 ./Sources/Events.o
 .text          0x00000000        0x0 ./Sources/Events.o
 .data          0x00000000        0x0 ./Sources/Events.o
 .bss           0x00000000        0x0 ./Sources/Events.o
 .debug_macro   0x00000000      0x802 ./Sources/Events.o
 .debug_macro   0x00000000      0x214 ./Sources/Events.o
 .debug_macro   0x00000000     0x156f ./Sources/Events.o
 .debug_macro   0x00000000      0x14e ./Sources/Events.o
 .debug_macro   0x00000000       0x64 ./Sources/Events.o
 .debug_macro   0x00000000     0x5f60 ./Sources/Events.o
 .debug_macro   0x00000000       0x94 ./Sources/Events.o
 .debug_macro   0x00000000       0x74 ./Sources/Events.o
 .debug_macro   0x00000000       0x2e ./Sources/Events.o
 .debug_macro   0x00000000       0x16 ./Sources/Events.o
 .group         0x00000000        0x8 ./Sources/main.o
 .group         0x00000000        0x8 ./Sources/main.o
 .group         0x00000000        0x8 ./Sources/main.o
 .group         0x00000000        0x8 ./Sources/main.o
 .group         0x00000000        0x8 ./Sources/main.o
 .group         0x00000000        0x8 ./Sources/main.o
 .group         0x00000000        0x8 ./Sources/main.o
 .group         0x00000000        0x8 ./Sources/main.o
 .group         0x00000000        0x8 ./Sources/main.o
 .group         0x00000000        0x8 ./Sources/main.o
 .text          0x00000000        0x0 ./Sources/main.o
 .data          0x00000000        0x0 ./Sources/main.o
 .bss           0x00000000        0x0 ./Sources/main.o
 .debug_macro   0x00000000      0x802 ./Sources/main.o
 .debug_macro   0x00000000      0x214 ./Sources/main.o
 .debug_macro   0x00000000     0x156f ./Sources/main.o
 .debug_macro   0x00000000      0x14e ./Sources/main.o
 .debug_macro   0x00000000       0x64 ./Sources/main.o
 .debug_macro   0x00000000     0x5f60 ./Sources/main.o
 .debug_macro   0x00000000       0x94 ./Sources/main.o
 .debug_macro   0x00000000       0x74 ./Sources/main.o
 .debug_macro   0x00000000       0x2e ./Sources/main.o
 .debug_macro   0x00000000       0x16 ./Sources/main.o
 .group         0x00000000        0x8 ./Project_Settings/Startup_Code/startup.o
 .group         0x00000000        0x8 ./Project_Settings/Startup_Code/startup.o
 .group         0x00000000        0x8 ./Project_Settings/Startup_Code/startup.o
 .group         0x00000000        0x8 ./Project_Settings/Startup_Code/startup.o
 .group         0x00000000        0x8 ./Project_Settings/Startup_Code/startup.o
 .group         0x00000000        0x8 ./Project_Settings/Startup_Code/startup.o
 .group         0x00000000        0x8 ./Project_Settings/Startup_Code/startup.o
 .group         0x00000000        0x8 ./Project_Settings/Startup_Code/startup.o
 .group         0x00000000        0x8 ./Project_Settings/Startup_Code/startup.o
 .group         0x00000000        0x8 ./Project_Settings/Startup_Code/startup.o
 .group         0x00000000        0x8 ./Project_Settings/Startup_Code/startup.o
 .group         0x00000000        0x8 ./Project_Settings/Startup_Code/startup.o
 .text          0x00000000        0x0 ./Project_Settings/Startup_Code/startup.o
 .data          0x00000000        0x0 ./Project_Settings/Startup_Code/startup.o
 .bss           0x00000000        0x0 ./Project_Settings/Startup_Code/startup.o
 .text.__init_hardware
                0x00000000        0x8 ./Project_Settings/Startup_Code/startup.o
 .text.__iar_program_start
                0x00000000        0xc ./Project_Settings/Startup_Code/startup.o
 .debug_macro   0x00000000      0x802 ./Project_Settings/Startup_Code/startup.o
 .group         0x00000000        0x8 ./Generated_Code/AS1.o
 .group         0x00000000        0x8 ./Generated_Code/AS1.o
 .group         0x00000000        0x8 ./Generated_Code/AS1.o
 .group         0x00000000        0x8 ./Generated_Code/AS1.o
 .group         0x00000000        0x8 ./Generated_Code/AS1.o
 .group         0x00000000        0x8 ./Generated_Code/AS1.o
 .group         0x00000000        0x8 ./Generated_Code/AS1.o
 .group         0x00000000        0x8 ./Generated_Code/AS1.o
 .group         0x00000000        0x8 ./Generated_Code/AS1.o
 .group         0x00000000        0x8 ./Generated_Code/AS1.o
 .group         0x00000000        0x8 ./Generated_Code/AS1.o
 .group         0x00000000        0x8 ./Generated_Code/AS1.o
 .group         0x00000000        0x8 ./Generated_Code/AS1.o
 .text          0x00000000        0x0 ./Generated_Code/AS1.o
 .data          0x00000000        0x0 ./Generated_Code/AS1.o
 .bss           0x00000000        0x0 ./Generated_Code/AS1.o
 .text.AS1_Deinit
                0x00000000       0x78 ./Generated_Code/AS1.o
 .text.AS1_GetReceivedDataNum
                0x00000000       0x18 ./Generated_Code/AS1.o
 .text.AS1_GetSentDataNum
                0x00000000       0x18 ./Generated_Code/AS1.o
 .text.AS1_GetTxCompleteStatus
                0x00000000       0x34 ./Generated_Code/AS1.o
 .debug_macro   0x00000000      0x802 ./Generated_Code/AS1.o
 .debug_macro   0x00000000      0x214 ./Generated_Code/AS1.o
 .debug_macro   0x00000000     0x156f ./Generated_Code/AS1.o
 .debug_macro   0x00000000      0x14e ./Generated_Code/AS1.o
 .debug_macro   0x00000000       0x64 ./Generated_Code/AS1.o
 .debug_macro   0x00000000     0x5f60 ./Generated_Code/AS1.o
 .debug_macro   0x00000000       0x94 ./Generated_Code/AS1.o
 .debug_macro   0x00000000       0x74 ./Generated_Code/AS1.o
 .debug_macro   0x00000000       0x16 ./Generated_Code/AS1.o
 .group         0x00000000        0x8 ./Generated_Code/CS1.o
 .group         0x00000000        0x8 ./Generated_Code/CS1.o
 .group         0x00000000        0x8 ./Generated_Code/CS1.o
 .group         0x00000000        0x8 ./Generated_Code/CS1.o
 .group         0x00000000        0x8 ./Generated_Code/CS1.o
 .group         0x00000000        0x8 ./Generated_Code/CS1.o
 .group         0x00000000        0x8 ./Generated_Code/CS1.o
 .group         0x00000000        0x8 ./Generated_Code/CS1.o
 .text          0x00000000        0x0 ./Generated_Code/CS1.o
 .data          0x00000000        0x0 ./Generated_Code/CS1.o
 .bss           0x00000000        0x0 ./Generated_Code/CS1.o
 .debug_info    0x00000000       0x7d ./Generated_Code/CS1.o
 .debug_abbrev  0x00000000       0x29 ./Generated_Code/CS1.o
 .debug_aranges
                0x00000000       0x18 ./Generated_Code/CS1.o
 .debug_macro   0x00000000       0x70 ./Generated_Code/CS1.o
 .debug_macro   0x00000000      0x802 ./Generated_Code/CS1.o
 .debug_macro   0x00000000      0x214 ./Generated_Code/CS1.o
 .debug_macro   0x00000000     0x156f ./Generated_Code/CS1.o
 .debug_macro   0x00000000      0x14e ./Generated_Code/CS1.o
 .debug_macro   0x00000000       0x64 ./Generated_Code/CS1.o
 .debug_macro   0x00000000     0x5f60 ./Generated_Code/CS1.o
 .debug_macro   0x00000000       0x9a ./Generated_Code/CS1.o
 .debug_macro   0x00000000       0x28 ./Generated_Code/CS1.o
 .debug_line    0x00000000      0x164 ./Generated_Code/CS1.o
 .debug_str     0x00000000    0x29a01 ./Generated_Code/CS1.o
 .comment       0x00000000       0x2b ./Generated_Code/CS1.o
 .ARM.attributes
                0x00000000       0x32 ./Generated_Code/CS1.o
 .group         0x00000000        0x8 ./Generated_Code/Cpu.o
 .group         0x00000000        0x8 ./Generated_Code/Cpu.o
 .group         0x00000000        0x8 ./Generated_Code/Cpu.o
 .group         0x00000000        0x8 ./Generated_Code/Cpu.o
 .group         0x00000000        0x8 ./Generated_Code/Cpu.o
 .group         0x00000000        0x8 ./Generated_Code/Cpu.o
 .group         0x00000000        0x8 ./Generated_Code/Cpu.o
 .group         0x00000000        0x8 ./Generated_Code/Cpu.o
 .group         0x00000000        0x8 ./Generated_Code/Cpu.o
 .group         0x00000000        0x8 ./Generated_Code/Cpu.o
 .text          0x00000000        0x0 ./Generated_Code/Cpu.o
 .data          0x00000000        0x0 ./Generated_Code/Cpu.o
 .bss           0x00000000        0x0 ./Generated_Code/Cpu.o
 .debug_macro   0x00000000      0x802 ./Generated_Code/Cpu.o
 .debug_macro   0x00000000      0x214 ./Generated_Code/Cpu.o
 .debug_macro   0x00000000     0x156f ./Generated_Code/Cpu.o
 .debug_macro   0x00000000      0x14e ./Generated_Code/Cpu.o
 .debug_macro   0x00000000       0x64 ./Generated_Code/Cpu.o
 .debug_macro   0x00000000     0x5f60 ./Generated_Code/Cpu.o
 .debug_macro   0x00000000       0x94 ./Generated_Code/Cpu.o
 .debug_macro   0x00000000       0x74 ./Generated_Code/Cpu.o
 .debug_macro   0x00000000       0x2e ./Generated_Code/Cpu.o
 .debug_macro   0x00000000       0x16 ./Generated_Code/Cpu.o
 .group         0x00000000        0x8 ./Generated_Code/PE_LDD.o
 .group         0x00000000        0x8 ./Generated_Code/PE_LDD.o
 .group         0x00000000        0x8 ./Generated_Code/PE_LDD.o
 .group         0x00000000        0x8 ./Generated_Code/PE_LDD.o
 .group         0x00000000        0x8 ./Generated_Code/PE_LDD.o
 .group         0x00000000        0x8 ./Generated_Code/PE_LDD.o
 .group         0x00000000        0x8 ./Generated_Code/PE_LDD.o
 .group         0x00000000        0x8 ./Generated_Code/PE_LDD.o
 .group         0x00000000        0x8 ./Generated_Code/PE_LDD.o
 .group         0x00000000        0x8 ./Generated_Code/PE_LDD.o
 .text          0x00000000        0x0 ./Generated_Code/PE_LDD.o
 .data          0x00000000        0x0 ./Generated_Code/PE_LDD.o
 .bss           0x00000000        0x0 ./Generated_Code/PE_LDD.o
 .rodata.PE_CpuClockConfigurations
                0x00000000       0x28 ./Generated_Code/PE_LDD.o
 .text.PE_FillMemory
                0x00000000       0x24 ./Generated_Code/PE_LDD.o
 .text.PE_PeripheralUsed
                0x00000000       0x38 ./Generated_Code/PE_LDD.o
 .text.LDD_SetClockConfiguration
                0x00000000       0x14 ./Generated_Code/PE_LDD.o
 .debug_macro   0x00000000      0x802 ./Generated_Code/PE_LDD.o
 .debug_macro   0x00000000      0x214 ./Generated_Code/PE_LDD.o
 .debug_macro   0x00000000     0x156f ./Generated_Code/PE_LDD.o
 .debug_macro   0x00000000      0x14e ./Generated_Code/PE_LDD.o
 .debug_macro   0x00000000       0x64 ./Generated_Code/PE_LDD.o
 .debug_macro   0x00000000     0x5f60 ./Generated_Code/PE_LDD.o
 .debug_macro   0x00000000       0x94 ./Generated_Code/PE_LDD.o
 .debug_macro   0x00000000       0x74 ./Generated_Code/PE_LDD.o
 .debug_macro   0x00000000       0x2e ./Generated_Code/PE_LDD.o
 .debug_macro   0x00000000       0x16 ./Generated_Code/PE_LDD.o
 .group         0x00000000        0x8 ./Generated_Code/RxBuf.o
 .group         0x00000000        0x8 ./Generated_Code/RxBuf.o
 .group         0x00000000        0x8 ./Generated_Code/RxBuf.o
 .group         0x00000000        0x8 ./Generated_Code/RxBuf.o
 .group         0x00000000        0x8 ./Generated_Code/RxBuf.o
 .group         0x00000000        0x8 ./Generated_Code/RxBuf.o
 .group         0x00000000        0x8 ./Generated_Code/RxBuf.o
 .group         0x00000000        0x8 ./Generated_Code/RxBuf.o
 .group         0x00000000        0x8 ./Generated_Code/RxBuf.o
 .text          0x00000000        0x0 ./Generated_Code/RxBuf.o
 .data          0x00000000        0x0 ./Generated_Code/RxBuf.o
 .bss           0x00000000        0x0 ./Generated_Code/RxBuf.o
 .text.RxBuf_NofFreeElements
                0x00000000       0x18 ./Generated_Code/RxBuf.o
 .text.RxBuf_Clear
                0x00000000       0x24 ./Generated_Code/RxBuf.o
 .debug_macro   0x00000000      0x802 ./Generated_Code/RxBuf.o
 .debug_macro   0x00000000      0x214 ./Generated_Code/RxBuf.o
 .debug_macro   0x00000000     0x156f ./Generated_Code/RxBuf.o
 .debug_macro   0x00000000      0x14e ./Generated_Code/RxBuf.o
 .debug_macro   0x00000000       0x64 ./Generated_Code/RxBuf.o
 .debug_macro   0x00000000     0x5f60 ./Generated_Code/RxBuf.o
 .debug_macro   0x00000000       0x9a ./Generated_Code/RxBuf.o
 .debug_macro   0x00000000       0x28 ./Generated_Code/RxBuf.o
 .debug_macro   0x00000000       0x16 ./Generated_Code/RxBuf.o
 .group         0x00000000        0x8 ./Generated_Code/Vectors.o
 .group         0x00000000        0x8 ./Generated_Code/Vectors.o
 .group         0x00000000        0x8 ./Generated_Code/Vectors.o
 .group         0x00000000        0x8 ./Generated_Code/Vectors.o
 .group         0x00000000        0x8 ./Generated_Code/Vectors.o
 .group         0x00000000        0x8 ./Generated_Code/Vectors.o
 .group         0x00000000        0x8 ./Generated_Code/Vectors.o
 .group         0x00000000        0x8 ./Generated_Code/Vectors.o
 .group         0x00000000        0x8 ./Generated_Code/Vectors.o
 .group         0x00000000        0x8 ./Generated_Code/Vectors.o
 .text          0x00000000        0x0 ./Generated_Code/Vectors.o
 .data          0x00000000        0x0 ./Generated_Code/Vectors.o
 .bss           0x00000000        0x0 ./Generated_Code/Vectors.o
 .debug_macro   0x00000000      0x802 ./Generated_Code/Vectors.o
 .debug_macro   0x00000000      0x214 ./Generated_Code/Vectors.o
 .debug_macro   0x00000000     0x156f ./Generated_Code/Vectors.o
 .debug_macro   0x00000000      0x14e ./Generated_Code/Vectors.o
 .debug_macro   0x00000000       0x64 ./Generated_Code/Vectors.o
 .debug_macro   0x00000000     0x5f60 ./Generated_Code/Vectors.o
 .debug_macro   0x00000000       0x94 ./Generated_Code/Vectors.o
 .debug_macro   0x00000000       0x2e ./Generated_Code/Vectors.o
 .debug_macro   0x00000000       0x16 ./Generated_Code/Vectors.o
 .text          0x00000000        0x0 c:/freescale/kds_1.1.1/toolchain/bin/../lib/gcc/arm-none-eabi/4.8.0/../../../../arm-none-eabi/lib\libg_s.a(lib_a-atexit.o)
 .data          0x00000000        0x0 c:/freescale/kds_1.1.1/toolchain/bin/../lib/gcc/arm-none-eabi/4.8.0/../../../../arm-none-eabi/lib\libg_s.a(lib_a-atexit.o)
 .bss           0x00000000        0x0 c:/freescale/kds_1.1.1/toolchain/bin/../lib/gcc/arm-none-eabi/4.8.0/../../../../arm-none-eabi/lib\libg_s.a(lib_a-atexit.o)
 .text.atexit   0x00000000       0x10 c:/freescale/kds_1.1.1/toolchain/bin/../lib/gcc/arm-none-eabi/4.8.0/../../../../arm-none-eabi/lib\libg_s.a(lib_a-atexit.o)
 .comment       0x00000000       0x2b c:/freescale/kds_1.1.1/toolchain/bin/../lib/gcc/arm-none-eabi/4.8.0/../../../../arm-none-eabi/lib\libg_s.a(lib_a-atexit.o)
 .ARM.attributes
                0x00000000       0x31 c:/freescale/kds_1.1.1/toolchain/bin/../lib/gcc/arm-none-eabi/4.8.0/../../../../arm-none-eabi/lib\libg_s.a(lib_a-atexit.o)
 .text          0x00000000        0x0 c:/freescale/kds_1.1.1/toolchain/bin/../lib/gcc/arm-none-eabi/4.8.0/../../../../arm-none-eabi/lib\libg_s.a(lib_a-exit.o)
 .data          0x00000000        0x0 c:/freescale/kds_1.1.1/toolchain/bin/../lib/gcc/arm-none-eabi/4.8.0/../../../../arm-none-eabi/lib\libg_s.a(lib_a-exit.o)
 .bss           0x00000000        0x0 c:/freescale/kds_1.1.1/toolchain/bin/../lib/gcc/arm-none-eabi/4.8.0/../../../../arm-none-eabi/lib\libg_s.a(lib_a-exit.o)
 .text.exit     0x00000000       0x30 c:/freescale/kds_1.1.1/toolchain/bin/../lib/gcc/arm-none-eabi/4.8.0/../../../../arm-none-eabi/lib\libg_s.a(lib_a-exit.o)
 .comment       0x00000000       0x2b c:/freescale/kds_1.1.1/toolchain/bin/../lib/gcc/arm-none-eabi/4.8.0/../../../../arm-none-eabi/lib\libg_s.a(lib_a-exit.o)
 .ARM.attributes
                0x00000000       0x31 c:/freescale/kds_1.1.1/toolchain/bin/../lib/gcc/arm-none-eabi/4.8.0/../../../../arm-none-eabi/lib\libg_s.a(lib_a-exit.o)
 .text          0x00000000        0x0 c:/freescale/kds_1.1.1/toolchain/bin/../lib/gcc/arm-none-eabi/4.8.0/../../../../arm-none-eabi/lib\libg_s.a(lib_a-fini.o)
 .data          0x00000000        0x0 c:/freescale/kds_1.1.1/toolchain/bin/../lib/gcc/arm-none-eabi/4.8.0/../../../../arm-none-eabi/lib\libg_s.a(lib_a-fini.o)
 .bss           0x00000000        0x0 c:/freescale/kds_1.1.1/toolchain/bin/../lib/gcc/arm-none-eabi/4.8.0/../../../../arm-none-eabi/lib\libg_s.a(lib_a-fini.o)
 .text.__libc_fini_array
                0x00000000       0x28 c:/freescale/kds_1.1.1/toolchain/bin/../lib/gcc/arm-none-eabi/4.8.0/../../../../arm-none-eabi/lib\libg_s.a(lib_a-fini.o)
 .comment       0x00000000       0x2b c:/freescale/kds_1.1.1/toolchain/bin/../lib/gcc/arm-none-eabi/4.8.0/../../../../arm-none-eabi/lib\libg_s.a(lib_a-fini.o)
 .ARM.attributes
                0x00000000       0x31 c:/freescale/kds_1.1.1/toolchain/bin/../lib/gcc/arm-none-eabi/4.8.0/../../../../arm-none-eabi/lib\libg_s.a(lib_a-fini.o)
 .text          0x00000000        0x0 c:/freescale/kds_1.1.1/toolchain/bin/../lib/gcc/arm-none-eabi/4.8.0/../../../../arm-none-eabi/lib\libg_s.a(lib_a-impure.o)
 .data          0x00000000        0x0 c:/freescale/kds_1.1.1/toolchain/bin/../lib/gcc/arm-none-eabi/4.8.0/../../../../arm-none-eabi/lib\libg_s.a(lib_a-impure.o)
 .bss           0x00000000        0x0 c:/freescale/kds_1.1.1/toolchain/bin/../lib/gcc/arm-none-eabi/4.8.0/../../../../arm-none-eabi/lib\libg_s.a(lib_a-impure.o)
 .data.impure_data
                0x00000000      0x298 c:/freescale/kds_1.1.1/toolchain/bin/../lib/gcc/arm-none-eabi/4.8.0/../../../../arm-none-eabi/lib\libg_s.a(lib_a-impure.o)
 .data._impure_ptr
                0x00000000        0x4 c:/freescale/kds_1.1.1/toolchain/bin/../lib/gcc/arm-none-eabi/4.8.0/../../../../arm-none-eabi/lib\libg_s.a(lib_a-impure.o)
 .rodata.str1.1
                0x00000000        0x2 c:/freescale/kds_1.1.1/toolchain/bin/../lib/gcc/arm-none-eabi/4.8.0/../../../../arm-none-eabi/lib\libg_s.a(lib_a-impure.o)
 .rodata._global_impure_ptr
                0x00000000        0x4 c:/freescale/kds_1.1.1/toolchain/bin/../lib/gcc/arm-none-eabi/4.8.0/../../../../arm-none-eabi/lib\libg_s.a(lib_a-impure.o)
 .comment       0x00000000       0x2b c:/freescale/kds_1.1.1/toolchain/bin/../lib/gcc/arm-none-eabi/4.8.0/../../../../arm-none-eabi/lib\libg_s.a(lib_a-impure.o)
 .ARM.attributes
                0x00000000       0x31 c:/freescale/kds_1.1.1/toolchain/bin/../lib/gcc/arm-none-eabi/4.8.0/../../../../arm-none-eabi/lib\libg_s.a(lib_a-impure.o)
 .text          0x00000000        0x0 c:/freescale/kds_1.1.1/toolchain/bin/../lib/gcc/arm-none-eabi/4.8.0/../../../../arm-none-eabi/lib\libg_s.a(lib_a-memset.o)
 .data          0x00000000        0x0 c:/freescale/kds_1.1.1/toolchain/bin/../lib/gcc/arm-none-eabi/4.8.0/../../../../arm-none-eabi/lib\libg_s.a(lib_a-memset.o)
 .bss           0x00000000        0x0 c:/freescale/kds_1.1.1/toolchain/bin/../lib/gcc/arm-none-eabi/4.8.0/../../../../arm-none-eabi/lib\libg_s.a(lib_a-memset.o)
 .text.memset   0x00000000       0x12 c:/freescale/kds_1.1.1/toolchain/bin/../lib/gcc/arm-none-eabi/4.8.0/../../../../arm-none-eabi/lib\libg_s.a(lib_a-memset.o)
 .comment       0x00000000       0x2b c:/freescale/kds_1.1.1/toolchain/bin/../lib/gcc/arm-none-eabi/4.8.0/../../../../arm-none-eabi/lib\libg_s.a(lib_a-memset.o)
 .ARM.attributes
                0x00000000       0x31 c:/freescale/kds_1.1.1/toolchain/bin/../lib/gcc/arm-none-eabi/4.8.0/../../../../arm-none-eabi/lib\libg_s.a(lib_a-memset.o)
 .text          0x00000000        0x0 c:/freescale/kds_1.1.1/toolchain/bin/../lib/gcc/arm-none-eabi/4.8.0/../../../../arm-none-eabi/lib\libg_s.a(lib_a-syscalls.o)
 .data          0x00000000        0x0 c:/freescale/kds_1.1.1/toolchain/bin/../lib/gcc/arm-none-eabi/4.8.0/../../../../arm-none-eabi/lib\libg_s.a(lib_a-syscalls.o)
 .bss           0x00000000        0x0 c:/freescale/kds_1.1.1/toolchain/bin/../lib/gcc/arm-none-eabi/4.8.0/../../../../arm-none-eabi/lib\libg_s.a(lib_a-syscalls.o)
 .text.invalid_fd
                0x00000000       0x1c c:/freescale/kds_1.1.1/toolchain/bin/../lib/gcc/arm-none-eabi/4.8.0/../../../../arm-none-eabi/lib\libg_s.a(lib_a-syscalls.o)
 .text.error    0x00000000       0x1c c:/freescale/kds_1.1.1/toolchain/bin/../lib/gcc/arm-none-eabi/4.8.0/../../../../arm-none-eabi/lib\libg_s.a(lib_a-syscalls.o)
 .text.findslot.part.0
                0x00000000       0x1c c:/freescale/kds_1.1.1/toolchain/bin/../lib/gcc/arm-none-eabi/4.8.0/../../../../arm-none-eabi/lib\libg_s.a(lib_a-syscalls.o)
 .text.initialise_monitor_handles
                0x00000000       0x78 c:/freescale/kds_1.1.1/toolchain/bin/../lib/gcc/arm-none-eabi/4.8.0/../../../../arm-none-eabi/lib\libg_s.a(lib_a-syscalls.o)
 .text._swiread
                0x00000000       0x26 c:/freescale/kds_1.1.1/toolchain/bin/../lib/gcc/arm-none-eabi/4.8.0/../../../../arm-none-eabi/lib\libg_s.a(lib_a-syscalls.o)
 .text._read    0x00000000       0x64 c:/freescale/kds_1.1.1/toolchain/bin/../lib/gcc/arm-none-eabi/4.8.0/../../../../arm-none-eabi/lib\libg_s.a(lib_a-syscalls.o)
 .text._swilseek
                0x00000000       0xa4 c:/freescale/kds_1.1.1/toolchain/bin/../lib/gcc/arm-none-eabi/4.8.0/../../../../arm-none-eabi/lib\libg_s.a(lib_a-syscalls.o)
 .text._lseek   0x00000000       0x10 c:/freescale/kds_1.1.1/toolchain/bin/../lib/gcc/arm-none-eabi/4.8.0/../../../../arm-none-eabi/lib\libg_s.a(lib_a-syscalls.o)
 .text._swiwrite
                0x00000000       0x26 c:/freescale/kds_1.1.1/toolchain/bin/../lib/gcc/arm-none-eabi/4.8.0/../../../../arm-none-eabi/lib\libg_s.a(lib_a-syscalls.o)
 .text._write   0x00000000       0x68 c:/freescale/kds_1.1.1/toolchain/bin/../lib/gcc/arm-none-eabi/4.8.0/../../../../arm-none-eabi/lib\libg_s.a(lib_a-syscalls.o)
 .text._swiopen
                0x00000000       0x84 c:/freescale/kds_1.1.1/toolchain/bin/../lib/gcc/arm-none-eabi/4.8.0/../../../../arm-none-eabi/lib\libg_s.a(lib_a-syscalls.o)
 .text._open    0x00000000       0x18 c:/freescale/kds_1.1.1/toolchain/bin/../lib/gcc/arm-none-eabi/4.8.0/../../../../arm-none-eabi/lib\libg_s.a(lib_a-syscalls.o)
 .text._swiclose
                0x00000000       0x40 c:/freescale/kds_1.1.1/toolchain/bin/../lib/gcc/arm-none-eabi/4.8.0/../../../../arm-none-eabi/lib\libg_s.a(lib_a-syscalls.o)
 .text._close   0x00000000       0x10 c:/freescale/kds_1.1.1/toolchain/bin/../lib/gcc/arm-none-eabi/4.8.0/../../../../arm-none-eabi/lib\libg_s.a(lib_a-syscalls.o)
 .text._kill    0x00000000       0x24 c:/freescale/kds_1.1.1/toolchain/bin/../lib/gcc/arm-none-eabi/4.8.0/../../../../arm-none-eabi/lib\libg_s.a(lib_a-syscalls.o)
 .text._exit    0x00000000        0xc c:/freescale/kds_1.1.1/toolchain/bin/../lib/gcc/arm-none-eabi/4.8.0/../../../../arm-none-eabi/lib\libg_s.a(lib_a-syscalls.o)
 .text._getpid  0x00000000        0x4 c:/freescale/kds_1.1.1/toolchain/bin/../lib/gcc/arm-none-eabi/4.8.0/../../../../arm-none-eabi/lib\libg_s.a(lib_a-syscalls.o)
 .text._sbrk    0x00000000       0x38 c:/freescale/kds_1.1.1/toolchain/bin/../lib/gcc/arm-none-eabi/4.8.0/../../../../arm-none-eabi/lib\libg_s.a(lib_a-syscalls.o)
 .text._fstat   0x00000000       0x1e c:/freescale/kds_1.1.1/toolchain/bin/../lib/gcc/arm-none-eabi/4.8.0/../../../../arm-none-eabi/lib\libg_s.a(lib_a-syscalls.o)
 .text._stat    0x00000000       0x34 c:/freescale/kds_1.1.1/toolchain/bin/../lib/gcc/arm-none-eabi/4.8.0/../../../../arm-none-eabi/lib\libg_s.a(lib_a-syscalls.o)
 .text._link    0x00000000        0x6 c:/freescale/kds_1.1.1/toolchain/bin/../lib/gcc/arm-none-eabi/4.8.0/../../../../arm-none-eabi/lib\libg_s.a(lib_a-syscalls.o)
 .text._unlink  0x00000000       0x2a c:/freescale/kds_1.1.1/toolchain/bin/../lib/gcc/arm-none-eabi/4.8.0/../../../../arm-none-eabi/lib\libg_s.a(lib_a-syscalls.o)
 .text._raise   0x00000000        0x2 c:/freescale/kds_1.1.1/toolchain/bin/../lib/gcc/arm-none-eabi/4.8.0/../../../../arm-none-eabi/lib\libg_s.a(lib_a-syscalls.o)
 .text._gettimeofday
                0x00000000       0x2a c:/freescale/kds_1.1.1/toolchain/bin/../lib/gcc/arm-none-eabi/4.8.0/../../../../arm-none-eabi/lib\libg_s.a(lib_a-syscalls.o)
 .text._times   0x00000000       0x22 c:/freescale/kds_1.1.1/toolchain/bin/../lib/gcc/arm-none-eabi/4.8.0/../../../../arm-none-eabi/lib\libg_s.a(lib_a-syscalls.o)
 .text._isatty  0x00000000       0x44 c:/freescale/kds_1.1.1/toolchain/bin/../lib/gcc/arm-none-eabi/4.8.0/../../../../arm-none-eabi/lib\libg_s.a(lib_a-syscalls.o)
 .text._system  0x00000000       0x42 c:/freescale/kds_1.1.1/toolchain/bin/../lib/gcc/arm-none-eabi/4.8.0/../../../../arm-none-eabi/lib\libg_s.a(lib_a-syscalls.o)
 .text._rename  0x00000000       0x3a c:/freescale/kds_1.1.1/toolchain/bin/../lib/gcc/arm-none-eabi/4.8.0/../../../../arm-none-eabi/lib\libg_s.a(lib_a-syscalls.o)
 .bss.monitor_stdout
                0x00000000        0x4 c:/freescale/kds_1.1.1/toolchain/bin/../lib/gcc/arm-none-eabi/4.8.0/../../../../arm-none-eabi/lib\libg_s.a(lib_a-syscalls.o)
 .bss.monitor_stdin
                0x00000000        0x4 c:/freescale/kds_1.1.1/toolchain/bin/../lib/gcc/arm-none-eabi/4.8.0/../../../../arm-none-eabi/lib\libg_s.a(lib_a-syscalls.o)
 .rodata.str1.1
                0x00000000        0x4 c:/freescale/kds_1.1.1/toolchain/bin/../lib/gcc/arm-none-eabi/4.8.0/../../../../arm-none-eabi/lib\libg_s.a(lib_a-syscalls.o)
 .bss.heap_end.5175
                0x00000000        0x4 c:/freescale/kds_1.1.1/toolchain/bin/../lib/gcc/arm-none-eabi/4.8.0/../../../../arm-none-eabi/lib\libg_s.a(lib_a-syscalls.o)
 .bss.monitor_stderr
                0x00000000        0x4 c:/freescale/kds_1.1.1/toolchain/bin/../lib/gcc/arm-none-eabi/4.8.0/../../../../arm-none-eabi/lib\libg_s.a(lib_a-syscalls.o)
 .bss.openfiles
                0x00000000       0xa0 c:/freescale/kds_1.1.1/toolchain/bin/../lib/gcc/arm-none-eabi/4.8.0/../../../../arm-none-eabi/lib\libg_s.a(lib_a-syscalls.o)
 .comment       0x00000000       0x2b c:/freescale/kds_1.1.1/toolchain/bin/../lib/gcc/arm-none-eabi/4.8.0/../../../../arm-none-eabi/lib\libg_s.a(lib_a-syscalls.o)
 .ARM.attributes
                0x00000000       0x31 c:/freescale/kds_1.1.1/toolchain/bin/../lib/gcc/arm-none-eabi/4.8.0/../../../../arm-none-eabi/lib\libg_s.a(lib_a-syscalls.o)
 .text          0x00000000        0x0 c:/freescale/kds_1.1.1/toolchain/bin/../lib/gcc/arm-none-eabi/4.8.0/../../../../arm-none-eabi/lib\libg_s.a(lib_a-__atexit.o)
 .data          0x00000000        0x0 c:/freescale/kds_1.1.1/toolchain/bin/../lib/gcc/arm-none-eabi/4.8.0/../../../../arm-none-eabi/lib\libg_s.a(lib_a-__atexit.o)
 .bss           0x00000000        0x0 c:/freescale/kds_1.1.1/toolchain/bin/../lib/gcc/arm-none-eabi/4.8.0/../../../../arm-none-eabi/lib\libg_s.a(lib_a-__atexit.o)
 .text.__do_register_exitproc
                0x00000000       0x80 c:/freescale/kds_1.1.1/toolchain/bin/../lib/gcc/arm-none-eabi/4.8.0/../../../../arm-none-eabi/lib\libg_s.a(lib_a-__atexit.o)
 .data.__atexit_dummy
                0x00000000        0x4 c:/freescale/kds_1.1.1/toolchain/bin/../lib/gcc/arm-none-eabi/4.8.0/../../../../arm-none-eabi/lib\libg_s.a(lib_a-__atexit.o)
 .comment       0x00000000       0x2b c:/freescale/kds_1.1.1/toolchain/bin/../lib/gcc/arm-none-eabi/4.8.0/../../../../arm-none-eabi/lib\libg_s.a(lib_a-__atexit.o)
 .ARM.attributes
                0x00000000       0x31 c:/freescale/kds_1.1.1/toolchain/bin/../lib/gcc/arm-none-eabi/4.8.0/../../../../arm-none-eabi/lib\libg_s.a(lib_a-__atexit.o)
 .text          0x00000000        0x0 c:/freescale/kds_1.1.1/toolchain/bin/../lib/gcc/arm-none-eabi/4.8.0/../../../../arm-none-eabi/lib\libg_s.a(lib_a-__call_atexit.o)
 .data          0x00000000        0x0 c:/freescale/kds_1.1.1/toolchain/bin/../lib/gcc/arm-none-eabi/4.8.0/../../../../arm-none-eabi/lib\libg_s.a(lib_a-__call_atexit.o)
 .bss           0x00000000        0x0 c:/freescale/kds_1.1.1/toolchain/bin/../lib/gcc/arm-none-eabi/4.8.0/../../../../arm-none-eabi/lib\libg_s.a(lib_a-__call_atexit.o)
 .text.__call_exitprocs
                0x00000000       0xa8 c:/freescale/kds_1.1.1/toolchain/bin/../lib/gcc/arm-none-eabi/4.8.0/../../../../arm-none-eabi/lib\libg_s.a(lib_a-__call_atexit.o)
 .comment       0x00000000       0x2b c:/freescale/kds_1.1.1/toolchain/bin/../lib/gcc/arm-none-eabi/4.8.0/../../../../arm-none-eabi/lib\libg_s.a(lib_a-__call_atexit.o)
 .ARM.attributes
                0x00000000       0x31 c:/freescale/kds_1.1.1/toolchain/bin/../lib/gcc/arm-none-eabi/4.8.0/../../../../arm-none-eabi/lib\libg_s.a(lib_a-__call_atexit.o)
 .text          0x00000000        0x0 c:/freescale/kds_1.1.1/toolchain/bin/../lib/gcc/arm-none-eabi/4.8.0/../../../../arm-none-eabi/lib\libg_s.a(lib_a-errno.o)
 .data          0x00000000        0x0 c:/freescale/kds_1.1.1/toolchain/bin/../lib/gcc/arm-none-eabi/4.8.0/../../../../arm-none-eabi/lib\libg_s.a(lib_a-errno.o)
 .bss           0x00000000        0x0 c:/freescale/kds_1.1.1/toolchain/bin/../lib/gcc/arm-none-eabi/4.8.0/../../../../arm-none-eabi/lib\libg_s.a(lib_a-errno.o)
 .text.__errno  0x00000000        0xc c:/freescale/kds_1.1.1/toolchain/bin/../lib/gcc/arm-none-eabi/4.8.0/../../../../arm-none-eabi/lib\libg_s.a(lib_a-errno.o)
 .comment       0x00000000       0x2b c:/freescale/kds_1.1.1/toolchain/bin/../lib/gcc/arm-none-eabi/4.8.0/../../../../arm-none-eabi/lib\libg_s.a(lib_a-errno.o)
 .ARM.attributes
                0x00000000       0x31 c:/freescale/kds_1.1.1/toolchain/bin/../lib/gcc/arm-none-eabi/4.8.0/../../../../arm-none-eabi/lib\libg_s.a(lib_a-errno.o)
 .text          0x00000000        0x0 c:/freescale/kds_1.1.1/toolchain/bin/../lib/gcc/arm-none-eabi/4.8.0/../../../../arm-none-eabi/lib\libg_s.a(lib_a-malloc.o)
 .data          0x00000000        0x0 c:/freescale/kds_1.1.1/toolchain/bin/../lib/gcc/arm-none-eabi/4.8.0/../../../../arm-none-eabi/lib\libg_s.a(lib_a-malloc.o)
 .bss           0x00000000        0x0 c:/freescale/kds_1.1.1/toolchain/bin/../lib/gcc/arm-none-eabi/4.8.0/../../../../arm-none-eabi/lib\libg_s.a(lib_a-malloc.o)
 .text.malloc   0x00000000       0x14 c:/freescale/kds_1.1.1/toolchain/bin/../lib/gcc/arm-none-eabi/4.8.0/../../../../arm-none-eabi/lib\libg_s.a(lib_a-malloc.o)
 .text.free     0x00000000       0x14 c:/freescale/kds_1.1.1/toolchain/bin/../lib/gcc/arm-none-eabi/4.8.0/../../../../arm-none-eabi/lib\libg_s.a(lib_a-malloc.o)
 .comment       0x00000000       0x2b c:/freescale/kds_1.1.1/toolchain/bin/../lib/gcc/arm-none-eabi/4.8.0/../../../../arm-none-eabi/lib\libg_s.a(lib_a-malloc.o)
 .ARM.attributes
                0x00000000       0x31 c:/freescale/kds_1.1.1/toolchain/bin/../lib/gcc/arm-none-eabi/4.8.0/../../../../arm-none-eabi/lib\libg_s.a(lib_a-malloc.o)
 .text          0x00000000        0x0 c:/freescale/kds_1.1.1/toolchain/bin/../lib/gcc/arm-none-eabi/4.8.0/../../../../arm-none-eabi/lib\libg_s.a(lib_a-mallocr.o)
 .data          0x00000000        0x0 c:/freescale/kds_1.1.1/toolchain/bin/../lib/gcc/arm-none-eabi/4.8.0/../../../../arm-none-eabi/lib\libg_s.a(lib_a-mallocr.o)
 .bss           0x00000000        0x0 c:/freescale/kds_1.1.1/toolchain/bin/../lib/gcc/arm-none-eabi/4.8.0/../../../../arm-none-eabi/lib\libg_s.a(lib_a-mallocr.o)
 .text._malloc_r
                0x00000000       0x98 c:/freescale/kds_1.1.1/toolchain/bin/../lib/gcc/arm-none-eabi/4.8.0/../../../../arm-none-eabi/lib\libg_s.a(lib_a-mallocr.o)
 .bss.__malloc_free_list
                0x00000000        0x4 c:/freescale/kds_1.1.1/toolchain/bin/../lib/gcc/arm-none-eabi/4.8.0/../../../../arm-none-eabi/lib\libg_s.a(lib_a-mallocr.o)
 .comment       0x00000000       0x2b c:/freescale/kds_1.1.1/toolchain/bin/../lib/gcc/arm-none-eabi/4.8.0/../../../../arm-none-eabi/lib\libg_s.a(lib_a-mallocr.o)
 .ARM.attributes
                0x00000000       0x31 c:/freescale/kds_1.1.1/toolchain/bin/../lib/gcc/arm-none-eabi/4.8.0/../../../../arm-none-eabi/lib\libg_s.a(lib_a-mallocr.o)
 .text          0x00000000        0x0 c:/freescale/kds_1.1.1/toolchain/bin/../lib/gcc/arm-none-eabi/4.8.0/../../../../arm-none-eabi/lib\libg_s.a(lib_a-sbrkr.o)
 .data          0x00000000        0x0 c:/freescale/kds_1.1.1/toolchain/bin/../lib/gcc/arm-none-eabi/4.8.0/../../../../arm-none-eabi/lib\libg_s.a(lib_a-sbrkr.o)
 .bss           0x00000000        0x0 c:/freescale/kds_1.1.1/toolchain/bin/../lib/gcc/arm-none-eabi/4.8.0/../../../../arm-none-eabi/lib\libg_s.a(lib_a-sbrkr.o)
 .text._sbrk_r  0x00000000       0x24 c:/freescale/kds_1.1.1/toolchain/bin/../lib/gcc/arm-none-eabi/4.8.0/../../../../arm-none-eabi/lib\libg_s.a(lib_a-sbrkr.o)
 .comment       0x00000000       0x2b c:/freescale/kds_1.1.1/toolchain/bin/../lib/gcc/arm-none-eabi/4.8.0/../../../../arm-none-eabi/lib\libg_s.a(lib_a-sbrkr.o)
 .ARM.attributes
                0x00000000       0x31 c:/freescale/kds_1.1.1/toolchain/bin/../lib/gcc/arm-none-eabi/4.8.0/../../../../arm-none-eabi/lib\libg_s.a(lib_a-sbrkr.o)
 .text          0x00000000        0x0 c:/freescale/kds_1.1.1/toolchain/bin/../lib/gcc/arm-none-eabi/4.8.0/../../../../arm-none-eabi/lib\libg_s.a(lib_a-strlen.o)
 .data          0x00000000        0x0 c:/freescale/kds_1.1.1/toolchain/bin/../lib/gcc/arm-none-eabi/4.8.0/../../../../arm-none-eabi/lib\libg_s.a(lib_a-strlen.o)
 .bss           0x00000000        0x0 c:/freescale/kds_1.1.1/toolchain/bin/../lib/gcc/arm-none-eabi/4.8.0/../../../../arm-none-eabi/lib\libg_s.a(lib_a-strlen.o)
 .text.strlen   0x00000000        0xe c:/freescale/kds_1.1.1/toolchain/bin/../lib/gcc/arm-none-eabi/4.8.0/../../../../arm-none-eabi/lib\libg_s.a(lib_a-strlen.o)
 .comment       0x00000000       0x2b c:/freescale/kds_1.1.1/toolchain/bin/../lib/gcc/arm-none-eabi/4.8.0/../../../../arm-none-eabi/lib\libg_s.a(lib_a-strlen.o)
 .ARM.attributes
                0x00000000       0x31 c:/freescale/kds_1.1.1/toolchain/bin/../lib/gcc/arm-none-eabi/4.8.0/../../../../arm-none-eabi/lib\libg_s.a(lib_a-strlen.o)
 .text          0x00000000        0x0 c:/freescale/kds_1.1.1/toolchain/bin/../lib/gcc/arm-none-eabi/4.8.0/../../../../arm-none-eabi/lib\libg_s.a(lib_a-freer.o)
 .data          0x00000000        0x0 c:/freescale/kds_1.1.1/toolchain/bin/../lib/gcc/arm-none-eabi/4.8.0/../../../../arm-none-eabi/lib\libg_s.a(lib_a-freer.o)
 .bss           0x00000000        0x0 c:/freescale/kds_1.1.1/toolchain/bin/../lib/gcc/arm-none-eabi/4.8.0/../../../../arm-none-eabi/lib\libg_s.a(lib_a-freer.o)
 .text._free_r  0x00000000       0x90 c:/freescale/kds_1.1.1/toolchain/bin/../lib/gcc/arm-none-eabi/4.8.0/../../../../arm-none-eabi/lib\libg_s.a(lib_a-freer.o)
 .comment       0x00000000       0x2b c:/freescale/kds_1.1.1/toolchain/bin/../lib/gcc/arm-none-eabi/4.8.0/../../../../arm-none-eabi/lib\libg_s.a(lib_a-freer.o)
 .ARM.attributes
                0x00000000       0x31 c:/freescale/kds_1.1.1/toolchain/bin/../lib/gcc/arm-none-eabi/4.8.0/../../../../arm-none-eabi/lib\libg_s.a(lib_a-freer.o)
 .text          0x00000000        0x0 c:/freescale/kds_1.1.1/toolchain/bin/../lib/gcc/arm-none-eabi/4.8.0/../../../../arm-none-eabi/lib\libg_s.a(lib_a-reent.o)
 .data          0x00000000        0x0 c:/freescale/kds_1.1.1/toolchain/bin/../lib/gcc/arm-none-eabi/4.8.0/../../../../arm-none-eabi/lib\libg_s.a(lib_a-reent.o)
 .bss           0x00000000        0x0 c:/freescale/kds_1.1.1/toolchain/bin/../lib/gcc/arm-none-eabi/4.8.0/../../../../arm-none-eabi/lib\libg_s.a(lib_a-reent.o)
 .text.cleanup_glue
                0x00000000       0x1a c:/freescale/kds_1.1.1/toolchain/bin/../lib/gcc/arm-none-eabi/4.8.0/../../../../arm-none-eabi/lib\libg_s.a(lib_a-reent.o)
 .text._reclaim_reent
                0x00000000       0x7c c:/freescale/kds_1.1.1/toolchain/bin/../lib/gcc/arm-none-eabi/4.8.0/../../../../arm-none-eabi/lib\libg_s.a(lib_a-reent.o)
 .text._wrapup_reent
                0x00000000       0x38 c:/freescale/kds_1.1.1/toolchain/bin/../lib/gcc/arm-none-eabi/4.8.0/../../../../arm-none-eabi/lib\libg_s.a(lib_a-reent.o)
 .comment       0x00000000       0x2b c:/freescale/kds_1.1.1/toolchain/bin/../lib/gcc/arm-none-eabi/4.8.0/../../../../arm-none-eabi/lib\libg_s.a(lib_a-reent.o)
 .ARM.attributes
                0x00000000       0x31 c:/freescale/kds_1.1.1/toolchain/bin/../lib/gcc/arm-none-eabi/4.8.0/../../../../arm-none-eabi/lib\libg_s.a(lib_a-reent.o)
 COMMON         0x00000000        0x4 c:/freescale/kds_1.1.1/toolchain/bin/../lib/gcc/arm-none-eabi/4.8.0/../../../../arm-none-eabi/lib\libg_s.a(lib_a-reent.o)
 .text          0x00000000        0x0 c:/freescale/kds_1.1.1/toolchain/bin/../lib/gcc/arm-none-eabi/4.8.0/crtend.o
 .data          0x00000000        0x0 c:/freescale/kds_1.1.1/toolchain/bin/../lib/gcc/arm-none-eabi/4.8.0/crtend.o
 .bss           0x00000000        0x0 c:/freescale/kds_1.1.1/toolchain/bin/../lib/gcc/arm-none-eabi/4.8.0/crtend.o
 .eh_frame      0x00000000        0x4 c:/freescale/kds_1.1.1/toolchain/bin/../lib/gcc/arm-none-eabi/4.8.0/crtend.o
 .jcr           0x00000000        0x4 c:/freescale/kds_1.1.1/toolchain/bin/../lib/gcc/arm-none-eabi/4.8.0/crtend.o
 .text          0x00000000        0x0 c:/freescale/kds_1.1.1/toolchain/bin/../lib/gcc/arm-none-eabi/4.8.0/crtn.o
 .data          0x00000000        0x0 c:/freescale/kds_1.1.1/toolchain/bin/../lib/gcc/arm-none-eabi/4.8.0/crtn.o
 .bss           0x00000000        0x0 c:/freescale/kds_1.1.1/toolchain/bin/../lib/gcc/arm-none-eabi/4.8.0/crtn.o

Memory Configuration

Name             Origin             Length             Attributes
m_interrupts     0x00000000         0x000000c0         xr
m_text           0x00000410         0x0001fbf0         xr
m_data           0x1ffff000         0x00004000         rw
m_cfmprotrom     0x00000400         0x00000010         xr
*default*        0x00000000         0xffffffff

Linker script and memory map

LOAD c:/freescale/kds_1.1.1/toolchain/bin/../lib/gcc/arm-none-eabi/4.8.0/crti.o
LOAD c:/freescale/kds_1.1.1/toolchain/bin/../lib/gcc/arm-none-eabi/4.8.0/crtbegin.o
LOAD c:/freescale/kds_1.1.1/toolchain/bin/../lib/gcc/arm-none-eabi/4.8.0/../../../../arm-none-eabi/lib/crt0.o
LOAD ./Sources/Application.o
LOAD ./Sources/Events.o
LOAD ./Sources/main.o
LOAD ./Project_Settings/Startup_Code/startup.o
LOAD ./Generated_Code/AS1.o
LOAD ./Generated_Code/CS1.o
LOAD ./Generated_Code/Cpu.o
LOAD ./Generated_Code/PE_LDD.o
LOAD ./Generated_Code/RxBuf.o
LOAD ./Generated_Code/Vectors.o
LOAD c:/freescale/kds_1.1.1/toolchain/bin/../lib/gcc/arm-none-eabi/4.8.0/../../../../arm-none-eabi/lib\libstdc++.a
LOAD c:/freescale/kds_1.1.1/toolchain/bin/../lib/gcc/arm-none-eabi/4.8.0/../../../../arm-none-eabi/lib\libm.a
START GROUP
LOAD c:/freescale/kds_1.1.1/toolchain/bin/../lib/gcc/arm-none-eabi/4.8.0\libgcc.a
LOAD c:/freescale/kds_1.1.1/toolchain/bin/../lib/gcc/arm-none-eabi/4.8.0/../../../../arm-none-eabi/lib\libg_s.a
LOAD c:/freescale/kds_1.1.1/toolchain/bin/../lib/gcc/arm-none-eabi/4.8.0/../../../../arm-none-eabi/lib\libc_s.a
END GROUP
LOAD c:/freescale/kds_1.1.1/toolchain/bin/../lib/gcc/arm-none-eabi/4.8.0/crtend.o
LOAD c:/freescale/kds_1.1.1/toolchain/bin/../lib/gcc/arm-none-eabi/4.8.0/crtn.o
                0x20003000                _estack = 0x20003000
                0x20003000                __SP_INIT = _estack
                0x00000000                __heap_size = 0x0
                0x00000400                __stack_size = 0x400

.interrupts     0x00000000       0xc0
                0x00000000                __vector_table = .
                0x00000000                . = ALIGN (0x4)
 *(.vectortable)
 .vectortable   0x00000000       0xc0 ./Generated_Code/Vectors.o
                0x00000000                __vect_table
                0x000000c0                . = ALIGN (0x4)

.cfmprotect     0x00000400       0x10
                0x00000400                . = ALIGN (0x4)
 *(.cfmconfig)
 .cfmconfig     0x00000400       0x10 ./Generated_Code/Cpu.o
                0x00000400                _cfm
                0x00000410                . = ALIGN (0x4)

.text           0x00000410      0xd1c
                0x00000410                . = ALIGN (0x4)
 *(.text)
 *(.text*)
 .text.deregister_tm_clones
                0x00000410       0x24 c:/freescale/kds_1.1.1/toolchain/bin/../lib/gcc/arm-none-eabi/4.8.0/crtbegin.o
 .text.register_tm_clones
                0x00000434       0x28 c:/freescale/kds_1.1.1/toolchain/bin/../lib/gcc/arm-none-eabi/4.8.0/crtbegin.o
 .text.__do_global_dtors_aux
                0x0000045c       0x30 c:/freescale/kds_1.1.1/toolchain/bin/../lib/gcc/arm-none-eabi/4.8.0/crtbegin.o
 .text.frame_dummy
                0x0000048c       0x3c c:/freescale/kds_1.1.1/toolchain/bin/../lib/gcc/arm-none-eabi/4.8.0/crtbegin.o
 .text.SendChar
                0x000004c8       0x40 ./Sources/Application.o
 .text.SendString
                0x00000508       0x2c ./Sources/Application.o
 .text.Init     0x00000534       0x50 ./Sources/Application.o
 .text.APP_Run  0x00000584       0x5c ./Sources/Application.o
                0x00000584                APP_Run
 .text.Cpu_OnNMIINT
                0x000005e0        0x8 ./Sources/Events.o
                0x000005e0                Cpu_OnNMIINT
 .text.AS1_OnBlockSent
                0x000005e8       0x18 ./Sources/Events.o
                0x000005e8                AS1_OnBlockSent
 .text.AS1_OnTxComplete
                0x00000600       0x10 ./Sources/Events.o
                0x00000600                AS1_OnTxComplete
 .text.AS1_OnBlockReceived
                0x00000610       0x30 ./Sources/Events.o
                0x00000610                AS1_OnBlockReceived
 .text.main     0x00000640       0x10 ./Sources/main.o
                0x00000640                main
 .text.__flush_cache
                0x00000650       0x10 ./Project_Settings/Startup_Code/startup.o
                0x00000650                __flush_cache
 .text.__copy_rom_section
                0x00000660       0xd8 ./Project_Settings/Startup_Code/startup.o
                0x00000660                __copy_rom_section
 .text.__copy_rom_sections_to_ram
                0x00000738       0xc0 ./Project_Settings/Startup_Code/startup.o
                0x00000738                __copy_rom_sections_to_ram
 .text.zero_fill_bss
                0x000007f8       0xac ./Project_Settings/Startup_Code/startup.o
 .text.__init_registers
                0x000008a4        0x8 ./Project_Settings/Startup_Code/startup.o
                0x000008a4                __init_registers
 .text.__init_user
                0x000008ac        0x8 ./Project_Settings/Startup_Code/startup.o
                0x000008ac                __init_user
 .text.__thumb_startup
                0x000008b4       0x48 ./Project_Settings/Startup_Code/startup.o
                0x000008b4                __thumb_startup
 .text.AS1_Init
                0x000008fc      0x1b0 ./Generated_Code/AS1.o
                0x000008fc                AS1_Init
 .text.AS1_ReceiveBlock
                0x00000aac       0x98 ./Generated_Code/AS1.o
                0x00000aac                AS1_ReceiveBlock
 .text.AS1_SendBlock
                0x00000b44       0xd4 ./Generated_Code/AS1.o
                0x00000b44                AS1_SendBlock
 .text.InterruptRx
                0x00000c18       0x58 ./Generated_Code/AS1.o
 .text.InterruptTx
                0x00000c70       0x9c ./Generated_Code/AS1.o
 .text.AS1_Interrupt
                0x00000d0c       0xac ./Generated_Code/AS1.o
                0x00000d0c                AS1_Interrupt
 .text.Cpu_INT_NMIInterrupt
                0x00000db8        0xc ./Generated_Code/Cpu.o
                0x00000db8                Cpu_INT_NMIInterrupt
 .text.Cpu_Interrupt
                0x00000dc4        0xc ./Generated_Code/Cpu.o
                0x00000dc4                Cpu_Interrupt
 .text.__init_hardware
                0x00000dd0      0x110 ./Generated_Code/Cpu.o
                0x00000dd0                __init_hardware
 .text.PE_low_level_init
                0x00000ee0       0xd4 ./Generated_Code/Cpu.o
                0x00000ee0                PE_low_level_init
 .text.RxBuf_Put
                0x00000fb4       0x88 ./Generated_Code/RxBuf.o
                0x00000fb4                RxBuf_Put
 .text.RxBuf_Get
                0x0000103c       0x84 ./Generated_Code/RxBuf.o
                0x0000103c                RxBuf_Get
 .text.RxBuf_NofElements
                0x000010c0       0x14 ./Generated_Code/RxBuf.o
                0x000010c0                RxBuf_NofElements
 .text.RxBuf_Init
                0x000010d4       0x28 ./Generated_Code/RxBuf.o
                0x000010d4                RxBuf_Init
 *(.rodata)
 .rodata        0x000010fc       0x18 ./Sources/Application.o
 *(.rodata*)
 *(.glue_7)
 .glue_7        0x00000000        0x0 linker stubs
 *(.glue_7t)
 .glue_7t       0x00000000        0x0 linker stubs
 *(.eh_frame)
 .eh_frame      0x00001114        0x0 c:/freescale/kds_1.1.1/toolchain/bin/../lib/gcc/arm-none-eabi/4.8.0/crtbegin.o
 *(.init)
 .init          0x00001114        0x4 c:/freescale/kds_1.1.1/toolchain/bin/../lib/gcc/arm-none-eabi/4.8.0/crti.o
                0x00001114                _init
 .init          0x00001118        0x8 c:/freescale/kds_1.1.1/toolchain/bin/../lib/gcc/arm-none-eabi/4.8.0/crtn.o
 *(.fini)
 .fini          0x00001120        0x4 c:/freescale/kds_1.1.1/toolchain/bin/../lib/gcc/arm-none-eabi/4.8.0/crti.o
                0x00001120                _fini
 .fini          0x00001124        0x8 c:/freescale/kds_1.1.1/toolchain/bin/../lib/gcc/arm-none-eabi/4.8.0/crtn.o
                0x0000112c                . = ALIGN (0x4)
                0x0000112c                _etext = .

.vfp11_veneer   0x0000112c        0x0
 .vfp11_veneer  0x00000000        0x0 linker stubs

.v4_bx          0x0000112c        0x0
 .v4_bx         0x00000000        0x0 linker stubs

.iplt           0x0000112c        0x0
 .iplt          0x00000000        0x0 c:/freescale/kds_1.1.1/toolchain/bin/../lib/gcc/arm-none-eabi/4.8.0/crtbegin.o

.rel.dyn        0x0000112c        0x0
 .rel.iplt      0x00000000        0x0 c:/freescale/kds_1.1.1/toolchain/bin/../lib/gcc/arm-none-eabi/4.8.0/crtbegin.o

.ARM.extab
 *(.ARM.extab* .gnu.linkonce.armextab.*)

.ARM            0x0000112c        0x0
                0x0000112c                __exidx_start = .
 *(.ARM.exidx*)
                0x0000112c                __exidx_end = .

.ctors          0x0000112c        0x0
                0x0000112c                __CTOR_LIST__ = .
 *crtbegin.o(.ctors)
 *(EXCLUDE_FILE(*crtend.o) .ctors)
 *(SORT(.ctors.*))
 *(.ctors)
                0x0000112c                __CTOR_END__ = .

.dtors          0x0000112c        0x0
                0x0000112c                __DTOR_LIST__ = .
 *crtbegin.o(.dtors)
 *(EXCLUDE_FILE(*crtend.o) .dtors)
 *(SORT(.dtors.*))
 *(.dtors)
                0x0000112c                __DTOR_END__ = .

.preinit_array  0x0000112c        0x0
                0x0000112c                PROVIDE (__preinit_array_start, .)
 *(.preinit_array*)
                0x0000112c                PROVIDE (__preinit_array_end, .)

.init_array     0x0000112c        0x4
                0x0000112c                PROVIDE (__init_array_start, .)
 *(SORT(.init_array.*))
 *(.init_array*)
 .init_array    0x0000112c        0x4 c:/freescale/kds_1.1.1/toolchain/bin/../lib/gcc/arm-none-eabi/4.8.0/crtbegin.o
                0x00001130                PROVIDE (__init_array_end, .)

.fini_array     0x00001130        0x4
                0x00001130                PROVIDE (__fini_array_start, .)
 *(SORT(.fini_array.*))
 *(.fini_array*)
 .fini_array    0x00001130        0x4 c:/freescale/kds_1.1.1/toolchain/bin/../lib/gcc/arm-none-eabi/4.8.0/crtbegin.o
                0x00001134                PROVIDE (__fini_array_end, .)
                0x00001134                ___ROM_AT = .

.mtb            0x1ffff000        0x0
                0x1ffff000                . = ALIGN (0x8)
                0x1ffff000                _mtb_start = .
 *(.mtb_buf)
                0x1ffff000                . = ALIGN (0x8)
                0x1ffff000                _mtb_end = .

.data           0x1ffff000        0x0 load address 0x00001134
                0x1ffff000                . = ALIGN (0x4)
                0x1ffff000                _sdata = .
 *(.data)
 *(.data*)
                0x1ffff000                . = ALIGN (0x4)
                0x1ffff000                _edata = .
                0x00000000                ___data_size = (_edata - _sdata)

.jcr            0x1ffff000        0x0
 .jcr           0x1ffff000        0x0 c:/freescale/kds_1.1.1/toolchain/bin/../lib/gcc/arm-none-eabi/4.8.0/crtbegin.o

.tm_clone_table
                0x1ffff000        0x0
 .tm_clone_table
                0x1ffff000        0x0 c:/freescale/kds_1.1.1/toolchain/bin/../lib/gcc/arm-none-eabi/4.8.0/crtbegin.o
 .tm_clone_table
                0x1ffff000        0x0 c:/freescale/kds_1.1.1/toolchain/bin/../lib/gcc/arm-none-eabi/4.8.0/crtend.o

.igot.plt       0x1ffff000        0x0
 .igot.plt      0x00000000        0x0 c:/freescale/kds_1.1.1/toolchain/bin/../lib/gcc/arm-none-eabi/4.8.0/crtbegin.o
                0x1ffff000                . = ALIGN (0x4)

.bss            0x1ffff000       0xb8
                0x1ffff000                __START_BSS = .
                0x1ffff000                PROVIDE (__bss_start__, __START_BSS)
 *(.bss)
 *(.bss*)
 .bss.completed.6137
                0x1ffff000        0x1 c:/freescale/kds_1.1.1/toolchain/bin/../lib/gcc/arm-none-eabi/4.8.0/crtbegin.o
 *fill*         0x1ffff001        0x3 
 .bss.object.6142
                0x1ffff004       0x18 c:/freescale/kds_1.1.1/toolchain/bin/../lib/gcc/arm-none-eabi/4.8.0/crtbegin.o
 .bss.deviceData
                0x1ffff01c        0xc ./Sources/Application.o
 .bss.argv      0x1ffff028       0x28 ./Project_Settings/Startup_Code/startup.o
 .bss.DeviceDataPrv__DEFAULT_RTOS_ALLOC
                0x1ffff050       0x18 ./Generated_Code/AS1.o
 .bss.INT_UART0__DEFAULT_RTOS_ISRPARAM
                0x1ffff068        0x4 ./Generated_Code/AS1.o
 .bss.SR_lock   0x1ffff06c        0x1 ./Generated_Code/Cpu.o
                0x1ffff06c                SR_lock
 *fill*         0x1ffff06d        0x3 
 .bss.PE_LDD_DeviceDataList
                0x1ffff070        0x4 ./Generated_Code/PE_LDD.o
                0x1ffff070                PE_LDD_DeviceDataList
 .bss.RxBuf_buffer
                0x1ffff074       0x40 ./Generated_Code/RxBuf.o
 .bss.RxBuf_inIdx
                0x1ffff0b4        0x1 ./Generated_Code/RxBuf.o
 .bss.RxBuf_outIdx
                0x1ffff0b5        0x1 ./Generated_Code/RxBuf.o
 .bss.RxBuf_inSize
                0x1ffff0b6        0x1 ./Generated_Code/RxBuf.o
 *(COMMON)
 COMMON         0x1ffff0b7        0x1 ./Generated_Code/Cpu.o
                0x1ffff0b7                SR_reg
                0x1ffff0b8                . = ALIGN (0x4)
                0x1ffff0b8                __END_BSS = .
                0x1ffff0b8                PROVIDE (__bss_end__, __END_BSS)
                0x00001134                _romp_at = (___ROM_AT + SIZEOF (.data))

.romp           0x1ffff0b8       0x18 load address 0x00001134
                0x00001134                __S_romp = _romp_at
                0x1ffff0b8        0x4 LONG 0x1134 ___ROM_AT
                0x1ffff0bc        0x4 LONG 0x1ffff000 _sdata
                0x1ffff0c0        0x4 LONG 0x0 ___data_size
                0x1ffff0c4        0x4 LONG 0x0
                0x1ffff0c8        0x4 LONG 0x0
                0x1ffff0cc        0x4 LONG 0x0

._user_heap_stack
                0x1ffff0d0      0x400 load address 0x0000114c
                0x1ffff0d0                . = ALIGN (0x4)
                0x1ffff0d0                PROVIDE (end, .)
                0x1ffff0d0                PROVIDE (_end, .)
                0x1ffff0d0                __heap_addr = .
                0x1ffff0d0                __HeapBase = .
                0x1ffff0d0                . = (. + __heap_size)
                0x1ffff0d0                __HeapLimit = .
                0x1ffff4d0                . = (. + __stack_size)
 *fill*         0x1ffff0d0      0x400 
                0x1ffff4d0                . = ALIGN (0x4)

.ARM.attributes
                0x00000000       0x2f
 *(.ARM.attributes)
 .ARM.attributes
                0x00000000       0x23 c:/freescale/kds_1.1.1/toolchain/bin/../lib/gcc/arm-none-eabi/4.8.0/crti.o
 .ARM.attributes
                0x00000023       0x31 c:/freescale/kds_1.1.1/toolchain/bin/../lib/gcc/arm-none-eabi/4.8.0/crtbegin.o
 .ARM.attributes
                0x00000054       0x32 ./Sources/Application.o
 .ARM.attributes
                0x00000086       0x32 ./Sources/Events.o
 .ARM.attributes
                0x000000b8       0x32 ./Sources/main.o
 .ARM.attributes
                0x000000ea       0x32 ./Project_Settings/Startup_Code/startup.o
 .ARM.attributes
                0x0000011c       0x32 ./Generated_Code/AS1.o
 .ARM.attributes
                0x0000014e       0x32 ./Generated_Code/Cpu.o
 .ARM.attributes
                0x00000180       0x32 ./Generated_Code/PE_LDD.o
 .ARM.attributes
                0x000001b2       0x32 ./Generated_Code/RxBuf.o
 .ARM.attributes
                0x000001e4       0x32 ./Generated_Code/Vectors.o
 .ARM.attributes
                0x00000216       0x31 c:/freescale/kds_1.1.1/toolchain/bin/../lib/gcc/arm-none-eabi/4.8.0/crtend.o
 .ARM.attributes
                0x00000247       0x23 c:/freescale/kds_1.1.1/toolchain/bin/../lib/gcc/arm-none-eabi/4.8.0/crtn.o
OUTPUT(tutorial.elf elf32-littlearm)

.comment        0x00000000       0x2a
 .comment       0x00000000       0x2a c:/freescale/kds_1.1.1/toolchain/bin/../lib/gcc/arm-none-eabi/4.8.0/crtbegin.o
                                 0x2b (size before relaxing)
 .comment       0x00000000       0x2b ./Sources/Application.o
 .comment       0x00000000       0x2b ./Sources/Events.o
 .comment       0x00000000       0x2b ./Sources/main.o
 .comment       0x00000000       0x2b ./Project_Settings/Startup_Code/startup.o
 .comment       0x00000000       0x2b ./Generated_Code/AS1.o
 .comment       0x00000000       0x2b ./Generated_Code/Cpu.o
 .comment       0x00000000       0x2b ./Generated_Code/PE_LDD.o
 .comment       0x00000000       0x2b ./Generated_Code/RxBuf.o
 .comment       0x00000000       0x2b ./Generated_Code/Vectors.o
 .comment       0x00000000       0x2b c:/freescale/kds_1.1.1/toolchain/bin/../lib/gcc/arm-none-eabi/4.8.0/crtend.o

.debug_info     0x00000000     0x1ca7
 .debug_info    0x00000000      0x1c5 ./Sources/Application.o
 .debug_info    0x000001c5      0x1aa ./Sources/Events.o
 .debug_info    0x0000036f       0xa8 ./Sources/main.o
 .debug_info    0x00000417      0x308 ./Project_Settings/Startup_Code/startup.o
 .debug_info    0x0000071f      0x83e ./Generated_Code/AS1.o
 .debug_info    0x00000f5d      0x825 ./Generated_Code/Cpu.o
 .debug_info    0x00001782      0x23b ./Generated_Code/PE_LDD.o
 .debug_info    0x000019bd      0x1e7 ./Generated_Code/RxBuf.o
 .debug_info    0x00001ba4      0x103 ./Generated_Code/Vectors.o

.debug_abbrev   0x00000000      0x963
 .debug_abbrev  0x00000000      0x117 ./Sources/Application.o
 .debug_abbrev  0x00000117       0xeb ./Sources/Events.o
 .debug_abbrev  0x00000202       0x5d ./Sources/main.o
 .debug_abbrev  0x0000025f      0x148 ./Project_Settings/Startup_Code/startup.o
 .debug_abbrev  0x000003a7      0x1d2 ./Generated_Code/AS1.o
 .debug_abbrev  0x00000579      0x14f ./Generated_Code/Cpu.o
 .debug_abbrev  0x000006c8      0x10d ./Generated_Code/PE_LDD.o
 .debug_abbrev  0x000007d5       0xea ./Generated_Code/RxBuf.o
 .debug_abbrev  0x000008bf       0xa4 ./Generated_Code/Vectors.o

.debug_aranges  0x00000000      0x220
 .debug_aranges
                0x00000000       0x38 ./Sources/Application.o
 .debug_aranges
                0x00000038       0x38 ./Sources/Events.o
 .debug_aranges
                0x00000070       0x20 ./Sources/main.o
 .debug_aranges
                0x00000090       0x60 ./Project_Settings/Startup_Code/startup.o
 .debug_aranges
                0x000000f0       0x68 ./Generated_Code/AS1.o
 .debug_aranges
                0x00000158       0x38 ./Generated_Code/Cpu.o
 .debug_aranges
                0x00000190       0x30 ./Generated_Code/PE_LDD.o
 .debug_aranges
                0x000001c0       0x48 ./Generated_Code/RxBuf.o
 .debug_aranges
                0x00000208       0x18 ./Generated_Code/Vectors.o

.debug_ranges   0x00000000      0x188
 .debug_ranges  0x00000000       0x28 ./Sources/Application.o
 .debug_ranges  0x00000028       0x28 ./Sources/Events.o
 .debug_ranges  0x00000050       0x10 ./Sources/main.o
 .debug_ranges  0x00000060       0x50 ./Project_Settings/Startup_Code/startup.o
 .debug_ranges  0x000000b0       0x58 ./Generated_Code/AS1.o
 .debug_ranges  0x00000108       0x28 ./Generated_Code/Cpu.o
 .debug_ranges  0x00000130       0x20 ./Generated_Code/PE_LDD.o
 .debug_ranges  0x00000150       0x38 ./Generated_Code/RxBuf.o

.debug_macro    0x00000000     0x9957
 .debug_macro   0x00000000       0xae ./Sources/Application.o
 .debug_macro   0x000000ae      0x802 ./Sources/Application.o
 .debug_macro   0x000008b0      0x214 ./Sources/Application.o
 .debug_macro   0x00000ac4     0x156f ./Sources/Application.o
 .debug_macro   0x00002033      0x14e ./Sources/Application.o
 .debug_macro   0x00002181       0x64 ./Sources/Application.o
 .debug_macro   0x000021e5     0x5f60 ./Sources/Application.o
 .debug_macro   0x00008145       0x94 ./Sources/Application.o
 .debug_macro   0x000081d9       0x74 ./Sources/Application.o
 .debug_macro   0x0000824d       0x2e ./Sources/Application.o
 .debug_macro   0x0000827b       0x16 ./Sources/Application.o
 .debug_macro   0x00008291       0xcc ./Sources/Events.o
 .debug_macro   0x0000835d       0xb0 ./Sources/main.o
 .debug_macro   0x0000840d       0xee ./Project_Settings/Startup_Code/startup.o
 .debug_macro   0x000084fb       0x2e ./Project_Settings/Startup_Code/startup.o
 .debug_macro   0x00008529       0x2e ./Project_Settings/Startup_Code/startup.o
 .debug_macro   0x00008557       0x95 ./Project_Settings/Startup_Code/startup.o
 .debug_macro   0x000085ec       0x3a ./Project_Settings/Startup_Code/startup.o
 .debug_macro   0x00008626       0x52 ./Project_Settings/Startup_Code/startup.o
 .debug_macro   0x00008678       0x19 ./Project_Settings/Startup_Code/startup.o
 .debug_macro   0x00008691      0x16d ./Project_Settings/Startup_Code/startup.o
 .debug_macro   0x000087fe       0x89 ./Project_Settings/Startup_Code/startup.o
 .debug_macro   0x00008887       0x10 ./Project_Settings/Startup_Code/startup.o
 .debug_macro   0x00008897       0x89 ./Project_Settings/Startup_Code/startup.o
 .debug_macro   0x00008920       0x1c ./Project_Settings/Startup_Code/startup.o
 .debug_macro   0x0000893c       0xf2 ./Generated_Code/AS1.o
 .debug_macro   0x00008a2e       0x28 ./Generated_Code/AS1.o
 .debug_macro   0x00008a56       0x94 ./Generated_Code/AS1.o
 .debug_macro   0x00008aea      0x31c ./Generated_Code/AS1.o
 .debug_macro   0x00008e06      0x84c ./Generated_Code/AS1.o
 .debug_macro   0x00009652       0xb4 ./Generated_Code/Cpu.o
 .debug_macro   0x00009706       0x98 ./Generated_Code/PE_LDD.o
 .debug_macro   0x0000979e       0x91 ./Generated_Code/RxBuf.o
 .debug_macro   0x0000982f       0xae ./Generated_Code/Vectors.o
 .debug_macro   0x000098dd       0x7a ./Generated_Code/Vectors.o

.debug_line     0x00000000     0x151e
 .debug_line    0x00000000      0x229 ./Sources/Application.o
 .debug_line    0x00000229      0x209 ./Sources/Events.o
 .debug_line    0x00000432      0x1ba ./Sources/main.o
 .debug_line    0x000005ec      0x322 ./Project_Settings/Startup_Code/startup.o
 .debug_line    0x0000090e      0x3ad ./Generated_Code/AS1.o
 .debug_line    0x00000cbb      0x289 ./Generated_Code/Cpu.o
 .debug_line    0x00000f44      0x1c9 ./Generated_Code/PE_LDD.o
 .debug_line    0x0000110d      0x1f5 ./Generated_Code/RxBuf.o
 .debug_line    0x00001302      0x21c ./Generated_Code/Vectors.o

.debug_str      0x00000000    0x35dc5
 .debug_str     0x00000000    0x2991a ./Sources/Application.o
                              0x29cfb (size before relaxing)
 .debug_str     0x0002991a       0x7c ./Sources/Events.o
                              0x29d2d (size before relaxing)
 .debug_str     0x00029996       0x17 ./Sources/main.o
                              0x29c77 (size before relaxing)
 .debug_str     0x000299ad     0x1cc6 ./Project_Settings/Startup_Code/startup.o
                               0x3fc9 (size before relaxing)
 .debug_str     0x0002b673     0xa2d0 ./Generated_Code/AS1.o
                              0x33f99 (size before relaxing)
 .debug_str     0x00035943      0x19c ./Generated_Code/Cpu.o
                              0x29f65 (size before relaxing)
 .debug_str     0x00035adf      0x172 ./Generated_Code/PE_LDD.o
                              0x29e19 (size before relaxing)
 .debug_str     0x00035c51      0x158 ./Generated_Code/RxBuf.o
                              0x29b8d (size before relaxing)
 .debug_str     0x00035da9       0x1c ./Generated_Code/Vectors.o
                              0x29cb6 (size before relaxing)

.debug_frame    0x00000000      0x564
 .debug_frame   0x00000000       0x8c ./Sources/Application.o
 .debug_frame   0x0000008c       0x8c ./Sources/Events.o
 .debug_frame   0x00000118       0x2c ./Sources/main.o
 .debug_frame   0x00000144      0x120 ./Project_Settings/Startup_Code/startup.o
 .debug_frame   0x00000264      0x150 ./Generated_Code/AS1.o
 .debug_frame   0x000003b4       0x80 ./Generated_Code/Cpu.o
 .debug_frame   0x00000434       0x6c ./Generated_Code/PE_LDD.o
 .debug_frame   0x000004a0       0xc4 ./Generated_Code/RxBuf.o
